	Command being timed: "bash tools/bench.sh -t 300 -m 16384 -d benchmarks/profiling --log-dir log/analyzesat-2026-05-26-branch-phase-chrono/C_saved_phase solver/11-kissat-port"
	User time (seconds): 806.15
	System time (seconds): 19.00
	Percent of CPU this job got: 99%
	Elapsed (wall clock) time (h:mm:ss or m:ss): 13:45.27
	Average shared text size (kbytes): 0
	Average unshared data size (kbytes): 0
	Average stack size (kbytes): 0
	Average total size (kbytes): 0
	Maximum resident set size (kbytes): 4202800
	Average resident set size (kbytes): 0
	Major (requiring I/O) page faults: 2
	Minor (reclaiming a frame) page faults: 6195245
	Voluntary context switches: 25314
	Involuntary context switches: 4371
	Swaps: 0
	File system inputs: 0
	File system outputs: 15319912
	Socket messages sent: 0
	Socket messages received: 0
	Signals delivered: 0
	Page size (bytes): 4096
	Exit status: 0
