=== Benchmark run: 11-kissat-port ===
    Date:      Tue May 26 19:09:28 EDT 2026
    Timeout:   300s
    Memory:    16384 MB
    Instances: 10
    SAT checker: /tmp/analyzesat-20260526-184922/tools/verify_sat.py
    DRAT checker: NONE (run tools/setup_checkers.sh)
    Log:       /tmp/analyzesat-20260526-184922/log/analyzesat-2026-05-26-conflict-analysis/B_resolved

Building solver...
Build OK

[  1/10] UNSAT     262.05s  0aa22564d00e9716519918d84b25c4a7-sudoku-N30-12 [no checker]
[  2/10] SAT        18.18s  3746303c659ef65aaa78f3b52cd5de49-6s299b685_Iter30
[  3/10] UNSAT      62.35s  46355da785714f239393e7630020cae3-REGRandom-K4-L1-Seed40.sanitized [no checker]
[  4/10] SAT        48.62s  557d7d4db5399188f62bc39598c6d868-mp1-Nb7T46
[  5/10] SAT       259.74s  5e933a625099cc1ec6a8299a7848a2ae-Kakuro-easy-112-ext.xml.hg_7
[  6/10] UNSAT      13.98s  663bb5659e42c2c75f74354f48895302-SCPC-500-13 [no checker]
[  7/10] SAT        84.49s  6832fe907740af686fde98518067ea3f-velev-pipe-sat-1.0-b7
[  8/10] UNSAT       9.69s  9af7646fc4a32c6f2744ddc0c4b654b7-brocard_problem_large [no checker]
[  9/10] SAT        23.60s  ed6d842f96d10f3400bce251f9e95bfb-battleship-16-31-sat
[ 10/10] SAT       128.80s  fab2022deb130fe3ad1136a5c71b4109-case9

=== Computing PAR-2 score ===
=== Benchmark Results: 11-kissat-port ===
    Date:      Tue May 26 19:25:43 EDT 2026
    Timeout:   300s
    Memory:    16384 MB

    Instances: 10
    Solved:    10 (6 SAT + 4 UNSAT)
    Unsolved:  0 (0 timeout + 0 unknown + 0 error)

    PAR-2:     911.499

    Results:   /tmp/analyzesat-20260526-184922/log/analyzesat-2026-05-26-conflict-analysis/B_resolved/results.csv
    Stats:     /tmp/analyzesat-20260526-184922/log/analyzesat-2026-05-26-conflict-analysis/B_resolved/stats.jsonl

Done.
