	Command being timed: "bash /tmp/analyzesat-20260526-184922/tools/bench.sh -t 300 -m 16384 -d /tmp/analyzesat-20260526-184922/benchmarks/profiling --log-dir /tmp/analyzesat-20260526-184922/log/analyzesat-2026-05-26-conflict-analysis/D_lbd_resolved solver/11-kissat-port"
	User time (seconds): 918.18
	System time (seconds): 20.02
	Percent of CPU this job got: 100%
	Elapsed (wall clock) time (h:mm:ss or m:ss): 15:38.14
	Average shared text size (kbytes): 0
	Average unshared data size (kbytes): 0
	Average stack size (kbytes): 0
	Average total size (kbytes): 0
	Maximum resident set size (kbytes): 4202808
	Average resident set size (kbytes): 0
	Major (requiring I/O) page faults: 2
	Minor (reclaiming a frame) page faults: 6760664
	Voluntary context switches: 25819
	Involuntary context switches: 3167
	Swaps: 0
	File system inputs: 0
	File system outputs: 15320064
	Socket messages sent: 0
	Socket messages received: 0
	Signals delivered: 0
	Page size (bytes): 4096
	Exit status: 0
