Command exited with non-zero status 20
	Command being timed: "timeout 300 /home/bojji/code/SAT-playground/benchmarks/reference-solvers/kissat-sc2024/build/kissat log/analyzesat-2026-05-26-branch-phase-chrono/instances/sudoku.cnf"
	User time (seconds): 185.90
	System time (seconds): 1.46
	Percent of CPU this job got: 99%
	Elapsed (wall clock) time (h:mm:ss or m:ss): 3:07.37
	Average shared text size (kbytes): 0
	Average unshared data size (kbytes): 0
	Average stack size (kbytes): 0
	Average total size (kbytes): 0
	Maximum resident set size (kbytes): 382808
	Average resident set size (kbytes): 0
	Major (requiring I/O) page faults: 0
	Minor (reclaiming a frame) page faults: 703872
	Voluntary context switches: 3
	Involuntary context switches: 1022
	Swaps: 0
	File system inputs: 0
	File system outputs: 296
	Socket messages sent: 0
	Socket messages received: 0
	Signals delivered: 0
	Page size (bytes): 4096
	Exit status: 20
