	Command being timed: "bash /tmp/analyzesat-20260526-184922/tools/bench.sh -t 300 -m 16384 -d /tmp/analyzesat-20260526-184922/benchmarks/profiling --log-dir /tmp/analyzesat-20260526-184922/log/analyzesat-2026-05-26-conflict-analysis/F_focused_stable_resolved solver/11-kissat-port"
	User time (seconds): 817.66
	System time (seconds): 23.15
	Percent of CPU this job got: 99%
	Elapsed (wall clock) time (h:mm:ss or m:ss): 14:00.89
	Average shared text size (kbytes): 0
	Average unshared data size (kbytes): 0
	Average stack size (kbytes): 0
	Average total size (kbytes): 0
	Maximum resident set size (kbytes): 7748760
	Average resident set size (kbytes): 0
	Major (requiring I/O) page faults: 2
	Minor (reclaiming a frame) page faults: 7788425
	Voluntary context switches: 24969
	Involuntary context switches: 3232
	Swaps: 0
	File system inputs: 0
	File system outputs: 18556952
	Socket messages sent: 0
	Socket messages received: 0
	Signals delivered: 0
	Page size (bytes): 4096
	Exit status: 0
