	Command being timed: "bash tools/bench.sh -t 300 -m 16384 -d benchmarks/profiling --log-dir log/analyzesat-2026-05-26-branch-phase-chrono/B_occurrence solver/11-kissat-port"
	User time (seconds): 1094.11
	System time (seconds): 26.92
	Percent of CPU this job got: 99%
	Elapsed (wall clock) time (h:mm:ss or m:ss): 18:41.30
	Average shared text size (kbytes): 0
	Average unshared data size (kbytes): 0
	Average stack size (kbytes): 0
	Average total size (kbytes): 0
	Maximum resident set size (kbytes): 4202732
	Average resident set size (kbytes): 0
	Major (requiring I/O) page faults: 2
	Minor (reclaiming a frame) page faults: 7460738
	Voluntary context switches: 24698
	Involuntary context switches: 4809
	Swaps: 0
	File system inputs: 0
	File system outputs: 27716056
	Socket messages sent: 0
	Socket messages received: 0
	Signals delivered: 0
	Page size (bytes): 4096
	Exit status: 0
