=== Benchmark run: 11-kissat-port ===
    Date:      Tue May 26 08:55:25 EDT 2026
    Timeout:   300s
    Memory:    16384 MB
    Instances: 10
    SAT checker: /tmp/analyzesat-20260526-083748/tools/verify_sat.py
    DRAT checker: NONE (run tools/setup_checkers.sh)
    Log:       /tmp/analyzesat-20260526-083748/log/analyzesat-2026-05-26-branch-phase-chrono/B_occurrence

Building solver...
Build OK

[  1/10] UNSAT     215.67s  0aa22564d00e9716519918d84b25c4a7-sudoku-N30-12 [no checker]
[  2/10] SAT        33.64s  3746303c659ef65aaa78f3b52cd5de49-6s299b685_Iter30
[  3/10] UNSAT      66.46s  46355da785714f239393e7630020cae3-REGRandom-K4-L1-Seed40.sanitized [no checker]
[  4/10] SAT       255.29s  557d7d4db5399188f62bc39598c6d868-mp1-Nb7T46
[  5/10] SAT       118.69s  5e933a625099cc1ec6a8299a7848a2ae-Kakuro-easy-112-ext.xml.hg_7
[  6/10] UNSAT      12.16s  663bb5659e42c2c75f74354f48895302-SCPC-500-13 [no checker]
[  7/10] SAT       118.85s  6832fe907740af686fde98518067ea3f-velev-pipe-sat-1.0-b7
[  8/10] UNSAT      13.10s  9af7646fc4a32c6f2744ddc0c4b654b7-brocard_problem_large [no checker]
[  9/10] SAT        78.85s  ed6d842f96d10f3400bce251f9e95bfb-battleship-16-31-sat
[ 10/10] SAT       146.59s  fab2022deb130fe3ad1136a5c71b4109-case9

=== Computing PAR-2 score ===
=== Benchmark Results: 11-kissat-port ===
    Date:      Tue May 26 09:14:06 EDT 2026
    Timeout:   300s
    Memory:    16384 MB

    Instances: 10
    Solved:    10 (6 SAT + 4 UNSAT)
    Unsolved:  0 (0 timeout + 0 unknown + 0 error)

    PAR-2:     1059.313

    Results:   /tmp/analyzesat-20260526-083748/log/analyzesat-2026-05-26-branch-phase-chrono/B_occurrence/results.csv
    Stats:     /tmp/analyzesat-20260526-083748/log/analyzesat-2026-05-26-branch-phase-chrono/B_occurrence/stats.jsonl

Done.
