	Command being timed: "bash /tmp/analyzesat-20260526-184922/tools/bench.sh -t 300 -m 16384 -d /tmp/analyzesat-20260526-184922/benchmarks/profiling --log-dir /tmp/analyzesat-20260526-184922/log/analyzesat-2026-05-26-conflict-analysis/C_lbd_metadata solver/11-kissat-port"
	User time (seconds): 899.63
	System time (seconds): 20.14
	Percent of CPU this job got: 99%
	Elapsed (wall clock) time (h:mm:ss or m:ss): 15:19.78
	Average shared text size (kbytes): 0
	Average unshared data size (kbytes): 0
	Average stack size (kbytes): 0
	Average total size (kbytes): 0
	Maximum resident set size (kbytes): 4202888
	Average resident set size (kbytes): 0
	Major (requiring I/O) page faults: 2
	Minor (reclaiming a frame) page faults: 6756826
	Voluntary context switches: 25130
	Involuntary context switches: 3264
	Swaps: 0
	File system inputs: 8
	File system outputs: 15320064
	Socket messages sent: 0
	Socket messages received: 0
	Signals delivered: 0
	Page size (bytes): 4096
	Exit status: 0
