	Command being timed: "bash tools/bench.sh -t 300 -m 16384 -d benchmarks/profiling --log-dir log/analyzesat-2026-05-26-branch-phase-chrono/A_default solver/11-kissat-port"
	User time (seconds): 913.22
	System time (seconds): 19.04
	Percent of CPU this job got: 100%
	Elapsed (wall clock) time (h:mm:ss or m:ss): 15:32.20
	Average shared text size (kbytes): 0
	Average unshared data size (kbytes): 0
	Average stack size (kbytes): 0
	Average total size (kbytes): 0
	Maximum resident set size (kbytes): 4202848
	Average resident set size (kbytes): 0
	Major (requiring I/O) page faults: 4
	Minor (reclaiming a frame) page faults: 6190465
	Voluntary context switches: 25576
	Involuntary context switches: 3395
	Swaps: 0
	File system inputs: 0
	File system outputs: 15319920
	Socket messages sent: 0
	Socket messages received: 0
	Signals delivered: 0
	Page size (bytes): 4096
	Exit status: 0
